{
    "sarscov2 - bracken_build stub": {
        "content": [
            {
                "0": [
                    
                ],
                "1": [
                    
                ],
                "db": [
                    
                ],
                "versions": [
                    
                ]
            }
        ],
        "meta": {
            "nf-test": "0.8.4",
            "nextflow": "23.10.1"
        },
        "timestamp": "2024-04-17T19:44:18.560227"
    }
}